   1              		.cpu cortex-m4
   2              		.arch armv7e-m
   3              		.fpu softvfp
   4              		.eabi_attribute 20, 1
   5              		.eabi_attribute 21, 1
   6              		.eabi_attribute 23, 3
   7              		.eabi_attribute 24, 1
   8              		.eabi_attribute 25, 1
   9              		.eabi_attribute 26, 1
  10              		.eabi_attribute 30, 4
  11              		.eabi_attribute 34, 1
  12              		.eabi_attribute 18, 4
  13              		.file	"my_crypt.c"
  14              		.text
  15              	.Ltext0:
  16              		.cfi_sections	.debug_frame
  17              		.file 1 "my_crypt.c"
  18              		.section	.text.MY_AES_ECB,"ax",%progbits
  19              		.align	1
  20              		.global	MY_AES_ECB
  21              		.syntax unified
  22              		.thumb
  23              		.thumb_func
  25              	MY_AES_ECB:
  26              	.LVL0:
  27              	.LFB0:
   1:my_crypt.c    **** #include "my_crypt.h"
   2:my_crypt.c    **** 
   3:my_crypt.c    **** #include <string.h>
   4:my_crypt.c    **** 
   5:my_crypt.c    **** #include "aes.h"
   6:my_crypt.c    **** 
   7:my_crypt.c    **** int MY_AES_ECB(uint8_t *output, uint8_t *input_k, uint8_t *input_p, uint8_t len)
   8:my_crypt.c    **** {
  28              		.loc 1 8 1 view -0
  29              		.cfi_startproc
  30              		@ args = 0, pretend = 0, frame = 176
  31              		@ frame_needed = 0, uses_anonymous_args = 0
   9:my_crypt.c    **** 	struct AES_ctx ctx;
  32              		.loc 1 9 2 view .LVU1
  10:my_crypt.c    **** 
  11:my_crypt.c    **** 	/* AES-128 ECB: 한 블록(16바이트)만 지원한다. MASKED=1 이면 CipherMasked. */
  12:my_crypt.c    **** 	if (len != AES_BLOCKLEN) {
  33              		.loc 1 12 2 view .LVU2
   8:my_crypt.c    **** 	struct AES_ctx ctx;
  34              		.loc 1 8 1 is_stmt 0 view .LVU3
  35 0000 30B5     		push	{r4, r5, lr}
  36              	.LCFI0:
  37              		.cfi_def_cfa_offset 12
  38              		.cfi_offset 4, -12
  39              		.cfi_offset 5, -8
  40              		.cfi_offset 14, -4
  41              		.loc 1 12 5 view .LVU4
  42 0002 102B     		cmp	r3, #16
   8:my_crypt.c    **** 	struct AES_ctx ctx;
  43              		.loc 1 8 1 view .LVU5
  44 0004 ADB0     		sub	sp, sp, #180
  45              	.LCFI1:
  46              		.cfi_def_cfa_offset 192
   8:my_crypt.c    **** 	struct AES_ctx ctx;
  47              		.loc 1 8 1 view .LVU6
  48 0006 0546     		mov	r5, r0
  49 0008 1446     		mov	r4, r2
  50              		.loc 1 12 5 view .LVU7
  51 000a 16D1     		bne	.L7
  13:my_crypt.c    **** 		return -1;
  14:my_crypt.c    **** 	}
  15:my_crypt.c    **** 	if (output == 0 || input_k == 0 || input_p == 0) {
  52              		.loc 1 15 2 is_stmt 1 view .LVU8
  53              		.loc 1 15 5 is_stmt 0 view .LVU9
  54 000c ADB1     		cbz	r5, .L7
  55              		.loc 1 15 18 discriminator 1 view .LVU10
  56 000e A1B1     		cbz	r1, .L7
  57              		.loc 1 15 34 discriminator 2 view .LVU11
  58 0010 9AB1     		cbz	r2, .L7
  16:my_crypt.c    **** 		return -1;
  17:my_crypt.c    **** 	}
  18:my_crypt.c    **** 
  19:my_crypt.c    **** 	AES_init_ctx(&ctx, input_k);
  59              		.loc 1 19 2 is_stmt 1 view .LVU12
  60 0012 6846     		mov	r0, sp
  61              	.LVL1:
  62              		.loc 1 19 2 is_stmt 0 view .LVU13
  63 0014 FFF7FEFF 		bl	AES_init_ctx
  64              	.LVL2:
  20:my_crypt.c    **** 	memcpy(output, input_p, AES_BLOCKLEN);
  65              		.loc 1 20 2 is_stmt 1 view .LVU14
  66 0018 2246     		mov	r2, r4
  67 001a 2B46     		mov	r3, r5
  68 001c 04F11001 		add	r1, r4, #16
  69              	.L3:
  70              		.loc 1 20 2 is_stmt 0 view .LVU15
  71 0020 52F8040B 		ldr	r0, [r2], #4	@ unaligned
  72 0024 43F8040B 		str	r0, [r3], #4	@ unaligned
  73 0028 8A42     		cmp	r2, r1
  74 002a F9D1     		bne	.L3
  21:my_crypt.c    **** 	AES_ECB_encrypt(&ctx, output);
  75              		.loc 1 21 2 is_stmt 1 view .LVU16
  76 002c 6846     		mov	r0, sp
  77 002e 2946     		mov	r1, r5
  78 0030 FFF7FEFF 		bl	AES_ECB_encrypt
  79              	.LVL3:
  22:my_crypt.c    **** 
  23:my_crypt.c    **** 	return 0;
  80              		.loc 1 23 2 view .LVU17
  81              		.loc 1 23 9 is_stmt 0 view .LVU18
  82 0034 0020     		movs	r0, #0
  83              	.L1:
  24:my_crypt.c    **** }
  84              		.loc 1 24 1 view .LVU19
  85 0036 2DB0     		add	sp, sp, #180
  86              	.LCFI2:
  87              		.cfi_remember_state
  88              		.cfi_def_cfa_offset 12
  89              		@ sp needed
  90 0038 30BD     		pop	{r4, r5, pc}
  91              	.LVL4:
  92              	.L7:
  93              	.LCFI3:
  94              		.cfi_restore_state
  13:my_crypt.c    **** 	}
  95              		.loc 1 13 10 view .LVU20
  96 003a 4FF0FF30 		mov	r0, #-1
  97              	.LVL5:
  13:my_crypt.c    **** 	}
  98              		.loc 1 13 10 view .LVU21
  99 003e FAE7     		b	.L1
 100              		.cfi_endproc
 101              	.LFE0:
 103              		.section	.text.MY_AES_get_last_masks,"ax",%progbits
 104              		.align	1
 105              		.global	MY_AES_get_last_masks
 106              		.syntax unified
 107              		.thumb
 108              		.thumb_func
 110              	MY_AES_get_last_masks:
 111              	.LVL6:
 112              	.LFB1:
  25:my_crypt.c    **** 
  26:my_crypt.c    **** void MY_AES_get_last_masks(uint8_t out[10])
  27:my_crypt.c    **** {
 113              		.loc 1 27 1 is_stmt 1 view -0
 114              		.cfi_startproc
 115              		@ args = 0, pretend = 0, frame = 0
 116              		@ frame_needed = 0, uses_anonymous_args = 0
 117              		@ link register save eliminated.
  28:my_crypt.c    **** 	AES_get_last_masks(out);
 118              		.loc 1 28 2 view .LVU23
 119 0000 FFF7FEBF 		b	AES_get_last_masks
 120              	.LVL7:
 121              		.loc 1 28 2 is_stmt 0 view .LVU24
 122              		.cfi_endproc
 123              	.LFE1:
 125              		.text
 126              	.Letext0:
 127              		.file 2 "/usr/lib/gcc/arm-none-eabi/12.2.1/include/stdint.h"
 128              		.file 3 "/usr/lib/gcc/arm-none-eabi/12.2.1/include/stddef.h"
 129              		.file 4 "../../iut/masked-aes-c/aes.h"
 130              		.file 5 "/usr/include/newlib/string.h"
DEFINED SYMBOLS
                            *ABS*:00000000 my_crypt.c
     /tmp/cct40lYe.s:19     .text.MY_AES_ECB:00000000 $t
     /tmp/cct40lYe.s:25     .text.MY_AES_ECB:00000000 MY_AES_ECB
     /tmp/cct40lYe.s:104    .text.MY_AES_get_last_masks:00000000 $t
     /tmp/cct40lYe.s:110    .text.MY_AES_get_last_masks:00000000 MY_AES_get_last_masks

UNDEFINED SYMBOLS
AES_init_ctx
AES_ECB_encrypt
AES_get_last_masks
